I'm sorry, but errors were detected in your script. Please correct the
errors listed below, and try again.


File "game/extrastory.rpy", line 36: end of line expected.
    show clyde chilltalkingriley at furtherleft with MoveTransition(0.2) and show riley embarrassedclyde at furtherright with MoveTransition(0.4)
                                                                             ^

Ren'Py Version: Ren'Py 8.2.1.24030407
Sun Aug 18 15:44:15 2024
